LEARNING DATABASE AND LEARNED MANY COMMANDS OF ADDING, CREATING MODIFING ETC IN DATABASE


C:\>cd xampp

C:\xampp>cd mysql

C:\xampp\mysql>cd bin

C:\xampp\mysql\bin>mysql -u root
Welcome to the MariaDB monitor.  Commands end with ; or \g.
Your MariaDB connection id is 95
Server version: 10.4.32-MariaDB mariadb.org binary distribution

Copyright (c) 2000, 2018, Oracle, MariaDB Corporation Ab and others.

Type 'help;' or '\h' for help. Type '\c' to clear the current input statement.

MariaDB [(none)]> use student;
Database changed
MariaDB [student]>

MariaDB [student]> insert into details(S_id, S_name, S_age, S_fac) values(1, "Dhairya Agrawal", 16, "Science"), (2, "Sahil Agrawal", 15, "Science"), (3, "Nayan Pathak", 22, "Science");
Query OK, 3 rows affected (0.047 sec)
Records: 3  Duplicates: 0  Warnings: 0

MariaDB [student]> truncate table details;
Query OK, 0 rows affected (0.047 sec)

MariaDB [student]> drop table details;
Query OK, 0 rows affected (0.044 sec)

MariaDB [student]> drop database student;
Query OK, 0 rows affected (0.003 sec)










C:\>cd xampp

C:\xampp>cd mysql

C:\xampp\mysql>cd bin

C:\xampp\mysql\bin>mysql -u root
Welcome to the MariaDB monitor.  Commands end with ; or \g.
Your MariaDB connection id is 208
Server version: 10.4.32-MariaDB mariadb.org binary distribution

Copyright (c) 2000, 2018, Oracle, MariaDB Corporation Ab and others.

Type 'help;' or '\h' for help. Type '\c' to clear the current input statement.

MariaDB [(none)]> create database school;
Query OK, 1 row affected (0.002 sec)

MariaDB [(none)]> use school;
Database changed
MariaDB [school]> drop database school;
Query OK, 0 rows affected (0.044 sec)

MariaDB [(none)]> create database school;
Query OK, 1 row affected (0.002 sec)

MariaDB [(none)]> use school;
Database changed
MariaDB [school]> create table students;

MariaDB [school]> create table students (id integer, name varchar(25), age integer);
Query OK, 0 rows affected (0.041 sec)

MariaDB [school]> drop table students;
Query OK, 0 rows affected (0.011 sec)

MariaDB [school]> create table employee (emp_id integer, emp_name varchar(30), salary integer);
Query OK, 0 rows affected (0.050 sec)

MariaDB [school]> alter table employee add department varchar(50);
Query OK, 0 rows affected (0.037 sec)
Records: 0  Duplicates: 0  Warnings: 0

MariaDB [school]> alter table employee drop salary;
Query OK, 0 rows affected (0.045 sec)
Records: 0  Duplicates: 0  Warnings: 0

MariaDB [school]> alter table employee change emp_name employee_name varchar(30);
Query OK, 0 rows affected (0.045 sec)
Records: 0  Duplicates: 0  Warnings: 0

MariaDB [school]> alter table employee modify department integer;
Query OK, 0 rows affected (0.073 sec)
Records: 0  Duplicates: 0  Warnings: 0

MariaDB [school]> alter table employee rename staff;
Query OK, 0 rows affected (0.014 sec)






ðŸ”¹ Advanced Level (DDL Based) : 

Drop the staff table completely.
Create a table products with two columns of your choice.
Add a column price to the products table.
Modify the datatype of the price column.
Delete the price column from the products table.
Rename the table products to items.
Create a table orders and rename it to customer_orders.
Rename a column in the customer_orders table.
Empty the products (or items) table.
Drop the entire database after completing all operations.



C:\>cd xampp

C:\xampp>cd mysql\bin

C:\xampp\mysql\bin>mysql -u root
Welcome to the MariaDB monitor.  Commands end with ; or \g.
Your MariaDB connection id is 8
Server version: 10.4.32-MariaDB mariadb.org binary distribution

Copyright (c) 2000, 2018, Oracle, MariaDB Corporation Ab and others.

Type 'help;' or '\h' for help. Type '\c' to clear the current input statement.

MariaDB [(none)]> use school;
Database changed
MariaDB [school]> drop table staff;
Query OK, 0 rows affected (0.041 sec)

MariaDB [school]> create table products;
ERROR 1113 (42000): A table must have at least 1 column
MariaDB [school]> create table products (quantity integer, quality varchar(50));
Query OK, 0 rows affected (0.044 sec)

MariaDB [school]> alter table products add price integer;
Query OK, 0 rows affected (0.048 sec)
Records: 0  Duplicates: 0  Warnings: 0

MariaDB [school]> alter table products modify price smallint;
Query OK, 0 rows affected (0.093 sec)
Records: 0  Duplicates: 0  Warnings: 0

MariaDB [school]> alter table products drop price;
Query OK, 0 rows affected (0.035 sec)
Records: 0  Duplicates: 0  Warnings: 0

MariaDB [school]> alter table products rename items;
Query OK, 0 rows affected (0.053 sec)

MariaDB [school]> create table orders (basic_needs varchar(50));
Query OK, 0 rows affected (0.043 sec)

MariaDB [school]> alter table orders rename to costomer_orders;
Query OK, 0 rows affected (0.036 sec)

MariaDB [school]> alter table costomer_orders change basic_needs human_needs varchar(50);
Query OK, 0 rows affected (0.010 sec)
Records: 0  Duplicates: 0  Warnings: 0

MariaDB [school]> truncate table items;
Query OK, 0 rows affected (0.040 sec)

MariaDB [school]> drop database school;
Query OK, 2 rows affected (0.022 sec)












ðŸ”¹ Advanced Level (Tricky DDL-Only Questions) : 

Create a database book_hub.
Create a table library with three columns, then rename the table to books_library.
Add two new columns to the books_library table in a single command.
Rename one column in books_library and change its datatype in the same statement.
Change the datatype of a column that already exists without renaming it.
Drop multiple columns from the books_library table using separate commands.
Add a column to the table and then immediately remove it using DDL commands.
Truncate the books_library table and explain whether the table structure still exists (DDL concept question).
Rename the books_library table, then drop the renamed table.
Create a table temporary_data, truncate it, and then drop it.
Drop a database only after ensuring all tables inside it are removed.



C:\Users\LENOVO>cd /

C:\>cd xampp\mysql\bin

C:\xampp\mysql\bin>mysql -u root
Welcome to the MariaDB monitor.  Commands end with ; or \g.
Your MariaDB connection id is 65
Server version: 10.4.32-MariaDB mariadb.org binary distribution

Copyright (c) 2000, 2018, Oracle, MariaDB Corporation Ab and others.

Type 'help;' or '\h' for help. Type '\c' to clear the current input statement.

MariaDB [(none)]> create database book_hub;
Query OK, 1 row affected (0.002 sec)

MariaDB [(none)]> use book_hub;
Database changed
MariaDB [book_hub]> create table library (story_books varchar(50),rhymes_book varchar(50),gk_books varchar(50));
Query OK, 0 rows affected (0.009 sec)

MariaDB [book_hub]> alter table library rename to books_library;
Query OK, 0 rows affected (0.056 sec)

MariaDB [book_hub]> alter table books_library add exercise_books varchar(50),add note_books varchar(50);
Query OK, 0 rows affected (0.037 sec)
Records: 0  Duplicates: 0  Warnings: 0

MariaDB [book_hub]> alter table books_library change rhymes_book rhymes_books_no integer;
Query OK, 0 rows affected (0.081 sec)
Records: 0  Duplicates: 0  Warnings: 0

MariaDB [book_hub]> alter table books_library modify story_books integer;
Query OK, 0 rows affected (0.050 sec)
Records: 0  Duplicates: 0  Warnings: 0

MariaDB [book_hub]> alter table books_library drop gk_books;
Query OK, 0 rows affected (0.012 sec)
Records: 0  Duplicates: 0  Warnings: 0

MariaDB [book_hub]> alter table books_library drop rhymes_books_no;
Query OK, 0 rows affected (0.036 sec)
Records: 0  Duplicates: 0  Warnings: 0

MariaDB [book_hub]> alter table books_library add rhymes_books2 varchar(50);
Query OK, 0 rows affected (0.033 sec)
Records: 0  Duplicates: 0  Warnings: 0

MariaDB [book_hub]> alter table books_library drop rhymes_books2;
Query OK, 0 rows affected (0.037 sec)
Records: 0  Duplicates: 0  Warnings: 0

MariaDB [book_hub]> truncate table books_library;
Query OK, 0 rows affected (0.029 sec)

MariaDB [book_hub]> alter table books_library rename to books_lib2;
Query OK, 0 rows affected (0.018 sec)

MariaDB [book_hub]> drop table books_lib2;
Query OK, 0 rows affected (0.072 sec)

MariaDB [book_hub]> create table temporary_data (temp_info varchar(10));
Query OK, 0 rows affected (0.018 sec)

MariaDB [book_hub]> truncate table temporary_data;
Query OK, 0 rows affected (0.053 sec)

MariaDB [book_hub]> drop table temporary_data;
Query OK, 0 rows affected (0.014 sec)

MariaDB [book_hub]> drop database book_hub;
Query OK, 0 rows affected (0.003 sec)










// Types of datatypes

Integer Number datatype : 

INTEGER
BIG INT
SMALLINT
MEDIUMINT


point , float, decimal data type:

FLOAT - 
DECIMAL(10,5) - 


Character data type : 
VARCHAR(20) - 
TEXT
CHAR(3) : NP, US, UK


Date , time : 

DATE : 2026-01-23

TIME : 18:40:33

DATETIME :

TIMESTAMP - current date time




C:\Users\LENOVO>cd /

C:\>cd xampp\mysql\bin

C:\xampp\mysql\bin>mysql -u root

MariaDB [(none)]> create database datatype;
Query OK, 1 row affected (0.003 sec)

MariaDB [(none)]> use datatype;
Database changed

MariaDB [datatype]> create table hehe(isMarried BOOLEAN);
Query OK, 0 rows affected (0.013 sec)

MariaDB [datatype]> insert into hehe VALUES('False');
Query OK, 1 row affected, 1 warning (0.033 sec)

MariaDB [datatype]> insert into hehe VALUES('True');
Query OK, 1 row affected, 1 warning (0.024 sec)

MariaDB [datatype]> insert into hehe VALUES(True);
Query OK, 1 row affected (0.007 sec)

MariaDB [datatype]> insert into hehe VALUES(False), (True);
Query OK, 2 rows affected (0.003 sec)
Records: 2  Duplicates: 0  Warnings: 0

MariaDB [datatype]> create table enum_demo (courses ENUM('bca','bba','bbs'));
Query OK, 0 rows affected (0.057 sec)

MariaDB [datatype]> insert into enum_demo values('bba'),('bbs'),('bca');
Query OK, 3 rows affected (0.003 sec)
Records: 3  Duplicates: 0  Warnings: 0

MariaDB [datatype]> create table json_demo (setting JSON);
Query OK, 0 rows affected (0.045 sec)









C:\Users\LENOVO>cd /

C:\>cd xampp\mysql\bin

C:\xampp\mysql\bin>mysql -u root
Welcome to the MariaDB monitor.  Commands end with ; or \g.
Your MariaDB connection id is 8
Server version: 10.4.32-MariaDB mariadb.org binary distribution

Copyright (c) 2000, 2018, Oracle, MariaDB Corporation Ab and others.

Type 'help;' or '\h' for help. Type '\c' to clear the current input statement.

MariaDB [(none)]> use datatype;
Database changed
MariaDB [datatype]> show tables;
+--------------------+
| Tables_in_datatype |
+--------------------+
| enum_demo          |
| hehe               |
| json_demo          |
+--------------------+
3 rows in set (0.002 sec)

MariaDB [datatype]> create table prim_demo(id INTEGER PRIMARY KEY AUTO_INCREMENT, name VARCHAR(20), TodayDate TIMESTAMP DEFAULT CURRENT_T
    -> ;
ERROR 1064 (42000): You have an error in your SQL syntax; check the manual that corresponds to your MariaDB server version for the right syntax to use near '' at line 1
MariaDB [datatype]> create table prim_demo(id INTEGER PRIMARY KEY AUTO_INCREMENT, name VARCHAR(20), TodayDate TIMESTAMP DEFAULT CURRENT_TIMESTAMP);
Query OK, 0 rows affected (0.043 sec)

MariaDB [datatype]> INSERT INTO prim_demo VALUES("Nayan Pathak");
ERROR 1136 (21S01): Column count doesn't match value count at row 1
MariaDB [datatype]> INSERT INTO prim_demo(name) VALUES("Nayan Pathak");
Query OK, 1 row affected (0.042 sec)

MariaDB [datatype]> INSERT INTO prim_demo(name) ("Sahil G");
ERROR 1064 (42000): You have an error in your SQL syntax; check the manual that corresponds to your MariaDB server version for the right syntax to use near '"Sahil G")' at line 1
MariaDB [datatype]> INSERT INTO prim_demo(name) VALUES("Sahil G");
Query OK, 1 row affected (0.039 sec)

MariaDB [datatype]> INSERT INTO prim_demo(name) VALUES("Dhairya G");
Query OK, 1 row affected (0.039 sec)

MariaDB [datatype]> INSERT INTO prim_demo(id, name) VALUES(99, "Dhairya G");
Query OK, 1 row affected (0.029 sec)

MariaDB [datatype]> INSERT INTO prim_demo(name) VALUES("Dhairya G");
Query OK, 1 row affected (0.044 sec)

MariaDB [datatype]> create table primary2_demo (id integer primary key auto_increment,name varchar(50));
Query OK, 0 rows affected (0.042 sec)

MariaDB [datatype]> insert into primary2_demo(name) values ("dhairya agrawal");
Query OK, 1 row affected (0.034 sec)

MariaDB [datatype]> insert into primary2_demo(id, name) values (4,"dhairya agrawal");
Query OK, 1 row affected (0.003 sec)

MariaDB [datatype]> insert into primary2_demo(name) values ("dhairya agrawal");
Query OK, 1 row affected (0.023 sec)














MariaDB [(none)]> create database exam;
Query OK, 1 row affected (0.002 sec)

MariaDB [(none)]> use exam;
Database changed
MariaDB [exam]> create table student(s_id integer primary key auto_increment,s_name varchar(30),s_add varchar(30),addmission_date date,addmission_time time,fees float,scholarship decimal(5,3), choices enum("science","commerce","arts"),is_married boolean, short_name char(3),description text,final_data json);
Query OK, 0 rows affected (0.044 sec)

MariaDB [exam]> describe student;
+-----------------+-----------------------------------+------+-----+---------+----------------+
| Field           | Type                              | Null | Key | Default | Extra          |
+-----------------+-----------------------------------+------+-----+---------+----------------+
| s_id            | int(11)                           | NO   | PRI | NULL    | auto_increment |
| s_name          | varchar(30)                       | YES  |     | NULL    |                |
| s_add           | varchar(30)                       | YES  |     | NULL    |                |
| addmission_date | date                              | YES  |     | NULL    |                |
| addmission_time | time                              | YES  |     | NULL    |                |
| fees            | float                             | YES  |     | NULL    |                |
| scholarship     | decimal(5,3)                      | YES  |     | NULL    |                |
| choices         | enum('science','commerce','arts') | YES  |     | NULL    |                |
| is_married      | tinyint(1)                        | YES  |     | NULL    |                |
| short_name      | char(3)                           | YES  |     | NULL    |                |
| description     | text                              | YES  |     | NULL    |                |
| final_data      | longtext                          | YES  |     | NULL    |                |
+-----------------+-----------------------------------+------+-----+---------+----------------+
12 rows in set (0.059 sec)

MariaDB [exam]> insert into student(s_name,s_add,addmission_date,addmission_time,fees,scholarship,choices,is_married,short_name,description,final_data) values ("Dhairya Agrawal","Birtamode","2026-01-27","19:05",50000,20.500,"science",False,"DA","My name is Dhairya Agrawal. I am 16 year old",'{"s_id":"1", "s_name":"Dhairya Agrawal","s_add":"Birtamode","fees":"50000","is_married":"false","short_name":"DA"}');
Query OK, 1 row affected (0.043 sec)







